SCC102-08+Administrador@SCC102-08 MINGW64 ~
$ git config --list
core.symlinks=false
core.autocrlf=true
core.fscache=true
color.diff=auto
color.status=auto
color.branch=auto
color.interactive=true
help.format=html
rebase.autosquash=true
http.sslcainfo=C:/Program Files/Git/mingw64/ssl/certs/ca-bundle.crt
http.sslbackend=openssl
diff.astextplain.textconv=astextplain
filter.lfs.clean=git-lfs clean -- %f
filter.lfs.smudge=git-lfs smudge -- %f
filter.lfs.process=git-lfs filter-process
filter.lfs.required=true
credential.helper=manager

SCC102-08+Administrador@SCC102-08 MINGW64 ~
$ git config --global use.name "Ivonne Andrea Sánchez"

SCC102-08+Administrador@SCC102-08 MINGW64 ~
$ git config --global user.name "Ivonne Andrea Sánchez"

SCC102-08+Administrador@SCC102-08 MINGW64 ~
$ git config --list
core.symlinks=false
core.autocrlf=true
core.fscache=true
color.diff=auto
color.status=auto
color.branch=auto
color.interactive=true
help.format=html
rebase.autosquash=true
http.sslcainfo=C:/Program Files/Git/mingw64/ssl/certs/ca-bundle.crt
http.sslbackend=openssl
diff.astextplain.textconv=astextplain
filter.lfs.clean=git-lfs clean -- %f
filter.lfs.smudge=git-lfs smudge -- %f
filter.lfs.process=git-lfs filter-process
filter.lfs.required=true
credential.helper=manager
use.name=Ivonne Andrea Sánchez
user.name=Ivonne Andrea Sánchez

SCC102-08+Administrador@SCC102-08 MINGW64 ~
$ $ git config --globar user.email "ivonneandreas@hotmail.com"
bash: $: command not found

SCC102-08+Administrador@SCC102-08 MINGW64 ~
$ $ git config --globar user.email ivonneandreas@hotmail.com
bash: $: command not found

SCC102-08+Administrador@SCC102-08 MINGW64 ~
$ $ git config --global user.email ivonneandreas@hotmail.com
bash: $: command not found

SCC102-08+Administrador@SCC102-08 MINGW64 ~
$ git config --global user.email ivonneandreas@hotmail.com

SCC102-08+Administrador@SCC102-08 MINGW64 ~
$ git config --list
core.symlinks=false
core.autocrlf=true
core.fscache=true
color.diff=auto
color.status=auto
color.branch=auto
color.interactive=true
help.format=html
rebase.autosquash=true
http.sslcainfo=C:/Program Files/Git/mingw64/ssl/certs/ca-bundle.crt
http.sslbackend=openssl
diff.astextplain.textconv=astextplain
filter.lfs.clean=git-lfs clean -- %f
filter.lfs.smudge=git-lfs smudge -- %f
filter.lfs.process=git-lfs filter-process
filter.lfs.required=true
credential.helper=manager
use.name=Ivonne Andrea Sánchez
user.name=Ivonne Andrea Sánchez
user.email=ivonneandreas@hotmail.com

SCC102-08+Administrador@SCC102-08 MINGW64 ~
$ git status
fatal: not a git repository (or any of the parent directories): .git

SCC102-08+Administrador@SCC102-08 MINGW64 ~
$ cd ejemplo2
bash: cd: ejemplo2: No such file or directory

SCC102-08+Administrador@SCC102-08 MINGW64 ~
$ cd

SCC102-08+Administrador@SCC102-08 MINGW64 ~
$ cd Desktop/

SCC102-08+Administrador@SCC102-08 MINGW64 ~/Desktop
$ cd ejemplo2

SCC102-08+Administrador@SCC102-08 MINGW64 ~/Desktop/ejemplo2
$ ls
estilo.css  index.html

SCC102-08+Administrador@SCC102-08 MINGW64 ~/Desktop/ejemplo2
$ git init
Initialized empty Git repository in C:/Users/Administrador.000/Desktop/ejemplo2/.git/

SCC102-08+Administrador@SCC102-08 MINGW64 ~/Desktop/ejemplo2 (master)
$ git status
On branch master

No commits yet

Untracked files:
  (use "git add <file>..." to include in what will be committed)

        LEEME.txt
        estilo.css
        index.html

nothing added to commit but untracked files present (use "git add" to track)

SCC102-08+Administrador@SCC102-08 MINGW64 ~/Desktop/ejemplo2 (master)
$ git add LEEME.txt
SCC102-08+Administrador@SCC102-08 MINGW64 ~/Desktop/ejemplo2 (master)
$ git status
On branch master

No commits yet

Changes to be committed:
  (use "git rm --cached <file>..." to unstage)

        new file:   LEEME.txt

Untracked files:
  (use "git add <file>..." to include in what will be committed)

        estilo.css
        index.html


SCC102-08+Administrador@SCC102-08 MINGW64 ~/Desktop/ejemplo2 (master)
$ git add estilo.css

SCC102-08+Administrador@SCC102-08 MINGW64 ~/Desktop/ejemplo2 (master)
$ git add index.html

SCC102-08+Administrador@SCC102-08 MINGW64 ~/Desktop/ejemplo2 (master)
$ git status
On branch master

No commits yet

Changes to be committed:
  (use "git rm --cached <file>..." to unstage)

        new file:   LEEME.txt
        new file:   estilo.css
        new file:   index.html
SCC102-08+Administrador@SCC102-08 MINGW64 ~/Desktop/ejemplo2 (master)
$ git add remote origin clone https://gitlab.com/ivonneandreas/repositorio.git master
fatal: pathspec 'remote' did not match any files

SCC102-08+Administrador@SCC102-08 MINGW64 ~/Desktop/ejemplo2 (master)
$ git remote add origin clone https://gitlab.com/ivonneandreas/repositorio.git master
usage: git remote add [<options>] <name> <url>

    -f, --fetch           fetch the remote branches
    --tags                import all tags and associated objects when fetching
                          or do not fetch any tag at all (--no-tags)
    -t, --track <branch>  branch(es) to track
    -m, --master <branch>
                          master branch
    --mirror[=<push|fetch>]
                          set up remote as a mirror to push to or fetch from


SCC102-08+Administrador@SCC102-08 MINGW64 ~/Desktop/ejemplo2 (master)
$ git remote add origin https://gitlab.com/ivonneandreas/repositorio.git

SCC102-08+Administrador@SCC102-08 MINGW64 ~/Desktop/ejemplo2 (master)
$ git push origin master
Enumerating objects: 5, done.
Counting objects: 100% (5/5), done.
Delta compression using up to 8 threads.
Compressing objects: 100% (4/4), done.
Writing objects: 100% (5/5), 866 bytes | 866.00 KiB/s, done.
Total 5 (delta 0), reused 0 (delta 0)
To https://gitlab.com/ivonneandreas/repositorio.git
 * [new branch]      master -> master
SCC102-08+Administrador@SCC102-08 MINGW64 ~/Desktop/ejemplo2 (master)
$ git checkout -b develop
Switched to a new branch 'develop'
SCC102-08+Administrador@SCC102-08 MINGW64 ~/Desktop/ejemplo2 (develop)
$ git add LICENCIA.txt

SCC102-08+Administrador@SCC102-08 MINGW64 ~/Desktop/ejemplo2 (develop)
$ git commit -m add LICENCIA.txt
[develop 53aea77] add
 1 file changed, 0 insertions(+), 0 deletions(-)
 create mode 100644 LICENCIA.txt

SCC102-08+Administrador@SCC102-08 MINGW64 ~/Desktop/ejemplo2 (develop)
$ git log
commit 53aea776aff6b756b90167a66cbe0481391706cc (HEAD -> develop)
Author: Ivonne Andrea Sánchez <ivonneandreas@hotmail.com>
Date:   Thu Aug 30 20:27:26 2018 -0500

    add

commit b283d5e6061171cd1cf0406a02cc3795899a5c39 (origin/master, master)
Author: Ivonne Andrea Sánchez <ivonneandreas@hotmail.com>
Date:   Thu Aug 30 19:25:41 2018 -0500

    crear LEAME y otros
SCC102-08+Administrador@SCC102-08 MINGW64 ~/Desktop/ejemplo2 (develop)
$ git checkout master
Switched to branch 'master'
SCC102-08+Administrador@SCC102-08 MINGW64 ~/Desktop/ejemplo2 (master)
$ git checkout develop
Switched to branch 'develop'

SCC102-08+Administrador@SCC102-08 MINGW64 ~/Desktop/ejemplo2 (develop)
$ git checkout master
Switched to branch 'master'

SCC102-08+Administrador@SCC102-08 MINGW64 ~/Desktop/ejemplo2 (master)
$ git add .

SCC102-08+Administrador@SCC102-08 MINGW64 ~/Desktop/ejemplo2 (master)
$ git commit -am "add readme"
[master e2c78eb] add readme
 2 files changed, 1 insertion(+), 1 deletion(-)
 delete mode 100644 LEEME.txt
 create mode 100644 README.txt

